INFO:root:Run started at 2020-02-28 16:04:42.717980
INFO:root:Elapsed time 0.0009999275207519531
